src/components/backgrounds/ProjectsBackground.tsx(123,41): error TS2322: Type 'null' is not assignable to type 'BufferGeometry<NormalBufferAttributes, BufferGeometryEventMap> | undefined'.
src/components/backgrounds/ProjectsBackground.tsx(123,47): error TS2322: Type 'null' is not assignable to type 'Material | Material[] | undefined'.
src/components/layout/PresentationLayout.tsx(335,11): error TS2322: Type '{ transform: { type: string; duration: number; ease: number[]; }; opacity: { duration: number; ease: string; }; }' is not assignable to type 'Transition<any> | undefined'.
  Type '{ transform: { type: string; duration: number; ease: number[]; }; opacity: { duration: number; ease: string; }; }' is not assignable to type 'TransitionWithValueOverrides<any>'.
    Type '{ transform: { type: string; duration: number; ease: number[]; }; opacity: { duration: number; ease: string; }; }' is not assignable to type 'StyleTransitions'.
      The types of 'opacity.ease' are incompatible between these types.
        Type 'string' is not assignable to type 'Easing | Easing[] | undefined'.
